// Jest Snapshot v1, https://goo.gl/fbAQLP

exports[`Schedule lesson tests Schedule lesson render correctly 1`] = `
<View
  style={
    Array [
      Object {
        "alignContent": "stretch",
        "borderColor": "#E4E4E4",
        "borderStyle": "solid",
        "borderWidth": 1,
        "flexDirection": "row",
        "paddingBottom": 10,
        "paddingLeft": 10,
        "paddingRight": 15,
        "paddingTop": 10,
      },
    ]
  }
>
  <View
    style={
      Array [
        Object {
          "paddingRight": 15,
        },
      ]
    }
  >
    <Text
      style={
        Array [
          Object {
            "color": "#000000",
            "fontFamily": "Inter-Bold",
            "fontSize": 14,
          },
        ]
      }
    >
      8:30
    </Text>
    <Text
      style={
        Array [
          Object {
            "color": "#9E9E9E",
            "fontFamily": "Inter-Bold",
            "fontSize": 14,
          },
        ]
      }
    >
      10:10
    </Text>
    <View
      style={
        Array [
          Object {
            "alignItems": "center",
            "borderColor": "#9E9E9E",
            "borderStyle": "solid",
            "borderWidth": 1,
            "marginTop": 5,
          },
        ]
      }
    >
      <Text
        style={
          Array [
            Object {
              "fontFamily": "Inter-Bold",
              "fontSize": 12,
            },
          ]
        }
      >
        А
      </Text>
    </View>
  </View>
  <View
    style={
      Array [
        Object {
          "flexBasis": 0,
          "flexGrow": 1,
          "flexShrink": 1,
        },
      ]
    }
  >
    <Text
      style={
        Array [
          Object {
            "fontFamily": "Inter-Regular",
            "fontSize": 16,
          },
        ]
      }
    >
      Технологии программирования
    </Text>
    <View
      style={
        Array [
          Object {
            "alignItems": "flex-end",
            "display": "flex",
            "flexDirection": "row",
            "justifyContent": "space-between",
            "marginTop": 10,
          },
        ]
      }
    >
      <View
        style={
          Array [
            Object {},
          ]
        }
      >
        <View
          style={
            Array [
              Object {
                "alignItems": "center",
                "display": "flex",
                "flexDirection": "row",
                "marginTop": 2,
              },
            ]
          }
        >
          <Text
            allowFontScaling={false}
            style={
              Array [
                Object {
                  "color": "#444444",
                  "fontSize": 20,
                },
                undefined,
                Object {
                  "fontFamily": "Material Icons",
                  "fontStyle": "normal",
                  "fontWeight": "normal",
                },
                Object {},
              ]
            }
          >
            
          </Text>
          <Text
            style={
              Array [
                Object {
                  "fontFamily": "Inter-Regular",
                  "marginLeft": 14,
                },
              ]
            }
          >
            0001
          </Text>
        </View>
        <View
          style={
            Array [
              Object {
                "alignItems": "center",
                "display": "flex",
                "flexDirection": "row",
                "marginTop": 2,
              },
            ]
          }
        >
          <Text
            allowFontScaling={false}
            style={
              Array [
                Object {
                  "color": "#444444",
                  "fontSize": 20,
                },
                undefined,
                Object {
                  "fontFamily": "Material Icons",
                  "fontStyle": "normal",
                  "fontWeight": "normal",
                },
                Object {},
              ]
            }
          >
            
          </Text>
          <Text
            style={
              Array [
                Object {
                  "fontFamily": "Inter-Regular",
                  "marginLeft": 14,
                },
              ]
            }
          >
            Иванов И.И
          </Text>
        </View>
      </View>
      <View
        style={
          Array [
            Object {
              "backgroundColor": "#444444",
              "borderRadius": 3,
              "paddingBottom": 4,
              "paddingLeft": 8,
              "paddingRight": 8,
              "paddingTop": 4,
            },
          ]
        }
      >
        <Text
          style={
            Array [
              Object {
                "color": "#ffffff",
                "fontFamily": "Inter-Regular",
              },
            ]
          }
        >
          Лаба
        </Text>
      </View>
    </View>
  </View>
</View>
`;
