// Jest Snapshot v1, https://goo.gl/fbAQLP

exports[`Schedule notes component tests Schedule notes render correctly 1`] = `
<View
  style={
    Array [
      Object {},
    ]
  }
>
  <Text
    style={
      Array [
        Object {
          "fontFamily": "Inter-Bold",
          "fontSize": 18,
          "marginBottom": 10,
          "marginTop": 20,
        },
      ]
    }
  >
    Дедлайны
  </Text>
  <View
    style={
      Array [
        Object {
          "marginTop": 10,
        },
      ]
    }
  >
    <View
      style={
        Array [
          Object {
            "alignItems": "center",
            "borderColor": "#F0F0F0",
            "borderStyle": "solid",
            "borderWidth": 1,
            "justifyContent": "center",
            "marginBottom": 15,
            "paddingBottom": 15,
            "paddingLeft": 60,
            "paddingRight": 60,
            "paddingTop": 15,
          },
        ]
      }
    >
      <Text
        style={
          Array [
            Object {
              "color": "#C4C4C4",
              "fontFamily": "Inter-Regular",
              "fontSize": 16,
              "textAlign": "center",
            },
          ]
        }
      >
        На текущую дату у вас нет ни одного дедлайна
      </Text>
    </View>
  </View>
</View>
`;
